../Core/Src/Bootloader/bootloader.c:62:11:BL_UART_Featch_Host_Command	16	static
../Core/Src/Bootloader/bootloader.c:183:6:BL_Print_Message	112	static
../Core/Src/Bootloader/bootloader.c:207:16:Bootloader_CRC_Verify	40	static
../Core/Src/Bootloader/bootloader.c:235:13:Bootloader_Send_ACK	24	static
../Core/Src/Bootloader/bootloader.c:243:13:Bootloader_Send_NACK	16	static
../Core/Src/Bootloader/bootloader.c:248:13:Bootloader_Send_Data_To_Host	16	static
../Core/Src/Bootloader/bootloader.c:253:13:Bootloader_Get_Version	32	static
../Core/Src/Bootloader/bootloader.c:287:13:Bootloader_Get_Help	24	static
../Core/Src/Bootloader/bootloader.c:311:13:Bootloader_Get_Chip_Identification_Number	32	static
../Core/Src/Bootloader/bootloader.c:340:13:Bootloader_jump_to_user_app	24	static,ignoring_inline_asm
../Core/Src/Bootloader/bootloader.c:358:16:CBL_STM32F103_Get_RDP_Level	40	static
../Core/Src/Bootloader/bootloader.c:367:13:Bootloader_Read_Protection_Level	32	static
../Core/Src/Bootloader/bootloader.c:397:16:Host_Jump_Address_Verification	24	static
../Core/Src/Bootloader/bootloader.c:415:13:Bootloader_Jump_To_Address	40	static
../Core/Src/Bootloader/bootloader.c:466:16:Perform_Flash_Erase	40	static
../Core/Src/Bootloader/bootloader.c:539:13:Bootloader_Erase_Flash	32	static
../Core/Src/Bootloader/bootloader.c:578:16:Flash_Memory_Write_Payload	40	static
../Core/Src/Bootloader/bootloader.c:620:13:Bootloader_Memory_Write	32	static
../Core/Src/Bootloader/bootloader.c:682:13:Bootloader_Enable_RW_Protection	16	static
../Core/Src/Bootloader/bootloader.c:685:13:Bootloader_Memory_Read	16	static
../Core/Src/Bootloader/bootloader.c:688:13:Bootloader_Get_Page_Protection_Status	16	static
../Core/Src/Bootloader/bootloader.c:691:13:Bootloader_Read_OTP	16	static
../Core/Src/Bootloader/bootloader.c:696:16:Change_ROP_Level	48	static
../Core/Src/Bootloader/bootloader.c:748:13:Bootloader_Change_Read_Protection_Level	32	static
